// Jest Snapshot v1, https://goo.gl/fbAQLP

exports[`GenericInput.vue Tests renders component correctly 1`] = `
<div
  class="input input--empty"
>
  <input
    aria-labelledby="placeholder-Input Name"
    autocomplete="off"
    id="Input Name"
    name="Input Name"
  />
  <label
    for="Input Name"
    id="placeholder-Input Name"
  >
    <span
      class="label-text"
    >
      Input Name
    </span>
  </label>
</div>
`;
